cit to ssc
all gym videos
